// Jest Snapshot v1, https://goo.gl/fbAQLP

exports[`<App /> should render and match the snapshot 1`] = `
<ForwardRef>
  <h1>
    last five matches
  </h1>
  <input
    onChange={[Function]}
    type="date"
  />
  <input
    onChange={[Function]}
    type="time"
  />
  <input
    onChange={[Function]}
    placeholder="team"
    type="text"
  />
  <h3>
    score
  </h3>
  <input
    onChange={[Function]}
    type="number"
  />
  <input
    onChange={[Function]}
    type="number"
  />
  <h3>
    event
  </h3>
  <input
    onChange={[Function]}
    placeholder="event"
    type="text"
  />
  <button
    onClick={[Function]}
    type="button"
  >
    submit
  </button>
</ForwardRef>
`;
